// Jest Snapshot v1, https://goo.gl/fbAQLP

exports[`DailyForecastCard changes the class when hovered 1`] = `
<div
  className="daily_forecast_card"
>
  <p>
     
    01 September
     
  </p>
  <img
    alt="Weather icon"
    src="/rain.png"
  />
  <div
    className="temp_footer"
  >
    <div>
      <p>
        min temp: 
        <span>
           
          0
           ℃
        </span>
      </p>
    </div>
    <div>
      <p>
        max temp: 
        <span>
           
          0
           ℃
        </span>
      </p>
    </div>
  </div>
</div>
`;
